// Jest Snapshot v1, https://goo.gl/fbAQLP

exports[`Preloader renders correctly 1`] = `
<ActivityIndicator
  animating={true}
  color="rgba(255,255,255,0.3)"
  hidesWhenStopped={true}
  size="large"
  style={
    Array [
      Array [],
    ]
  }
/>
`;
