// Jest Snapshot v1, https://goo.gl/fbAQLP

exports[`ListItem renders correctly 1`] = `
<View
  0={
    Object {
      "avatar": 1,
      "avatarStyle": Array [
        Object {
          "borderRadius": 25,
          "height": 50,
          "marginTop": 5,
          "width": 50,
        },
      ],
      "chevronColor": "#777777",
      "containerStyle": Array [
        Object {
          "backgroundColor": "#FFFFFF",
          "borderBottomColor": "#D0D1D5",
          "borderTopColor": "#D0D1D5",
          "paddingBottom": 12,
          "paddingTop": 12,
        },
      ],
      "roundAvatar": true,
      "subTitle": "Sub title",
      "subtitleStyle": Array [
        Object {
          "color": "#777777",
          "fontFamily": "OpenSans-Regular",
          "fontSize": 12.6,
          "fontWeight": "500",
          "lineHeight": 18,
        },
      ],
      "title": "Hello world",
      "titleStyle": Array [
        Object {
          "color": "#222222",
          "fontFamily": "OpenSans-Regular",
          "fontSize": 18,
          "fontWeight": "400",
          "height": 25,
          "marginBottom": 2,
        },
      ],
      "underlayColor": "#D0D1D5",
    }
  }
  1={Array []}
  2={Array []}
  3={Array []}
  4={Array []}
  onLongPress={undefined}
  onPress={undefined}
  style={
    Array [
      Object {
        "backgroundColor": "transparent",
        "borderBottomColor": "#bbb",
        "borderBottomWidth": 1,
        "paddingBottom": 10,
        "paddingRight": 10,
        "paddingTop": 10,
      },
      undefined,
    ]
  }
  underlayColor="white"
>
  <View
    style={
      Array [
        Object {
          "flexDirection": "row",
          "marginLeft": 10,
        },
        undefined,
      ]
    }
  >
    <View
      style={
        Object {
          "flex": 1,
          "justifyContent": "center",
        }
      }
    >
      <View
        style={undefined}
      >
        <View />
      </View>
      <View
        style={undefined}
      >
        <View />
      </View>
    </View>
    <View
      accessibilityComponentType={undefined}
      accessibilityLabel={undefined}
      accessibilityTraits={undefined}
      accessible={true}
      hitSlop={undefined}
      isTVSelectable={true}
      onLayout={undefined}
      onResponderGrant={[Function]}
      onResponderMove={[Function]}
      onResponderRelease={[Function]}
      onResponderTerminate={[Function]}
      onResponderTerminationRequest={[Function]}
      onStartShouldSetResponder={[Function]}
      style={
        Object {
          "alignItems": "flex-end",
          "flex": 0.15,
          "justifyContent": "center",
          "opacity": 1,
        }
      }
      testID={undefined}
      tvParallaxProperties={undefined}
    >
      <View
        onPress={undefined}
        style={
          Array [
            false,
            false,
            false,
            Object {
              "alignItems": "center",
              "backgroundColor": "transparent",
              "justifyContent": "center",
            },
            undefined,
          ]
        }
        underlayColor="white"
      >
        <Text
          accessible={true}
          allowFontScaling={false}
          ellipsizeMode="tail"
          style={
            Array [
              Object {
                "color": "#bdc6cf",
                "fontSize": 28,
              },
              Array [
                Object {
                  "backgroundColor": "transparent",
                },
                undefined,
              ],
              Object {
                "fontFamily": "Material Icons",
                "fontStyle": "normal",
                "fontWeight": "normal",
              },
            ]
          }
        >
          î—Œ
        </Text>
      </View>
    </View>
  </View>
</View>
`;
