// Jest Snapshot v1, https://goo.gl/fbAQLP

exports[` TabIcon color selection renders correctly 1`] = `undefined`;

exports[`TabIcon renders correctly 1`] = `
<View
  style={
    Object {
      "alignItems": "center",
      "height": 60,
      "padding": 5,
    }
  }
>
  <View
    onPress={undefined}
    style={
      Object {
        "paddingTop": 5,
      }
    }
    underlayColor="white"
  >
    <Text
      accessible={true}
      allowFontScaling={false}
      ellipsizeMode="tail"
      style={
        Array [
          Object {
            "color": "#787BC6",
            "fontSize": 26,
          },
          Array [
            Object {
              "backgroundColor": "transparent",
            },
            undefined,
          ],
          Object {
            "fontFamily": "Material Design Icons",
            "fontStyle": "normal",
            "fontWeight": "normal",
          },
        ]
      }
    >
      ï‹–
    </Text>
  </View>
  <Text
    accessible={true}
    allowFontScaling={true}
    ellipsizeMode="tail"
    style={
      Object {
        "color": "#A3A3A3",
        "fontSize": 10,
        "marginBottom": 5,
      }
    }
  >
    
  </Text>
</View>
`;
